::1 - - [02/Sep/2026 03:45:33] "GET /index.html HTTP/1.1" 200 -
::1 - - [02/Sep/2026 03:47:09] "GET / HTTP/1.1" 200 -
::1 - - [02/Sep/2026 03:47:09] "GET /css/style.css HTTP/1.1" 304 -
::1 - - [02/Sep/2026 03:47:09] "GET /js/main.js HTTP/1.1" 304 -
::1 - - [02/Sep/2026 03:47:09] "GET /js/core/engine.js HTTP/1.1" 200 -
::1 - - [02/Sep/2026 03:47:09] "GET /js/games/survival.js HTTP/1.1" 200 -
::1 - - [02/Sep/2026 03:47:09] "GET /js/core/analyzer.js HTTP/1.1" 304 -
::1 - - [02/Sep/2026 03:47:09] "GET /js/games/rhythm.js HTTP/1.1" 200 -
::1 - - [02/Sep/2026 03:47:09] "GET /js/games/shooter.js HTTP/1.1" 200 -
::1 - - [02/Sep/2026 03:47:09] "GET /js/menu.js HTTP/1.1" 200 -
::1 - - [02/Sep/2026 03:47:09] "GET /js/games/runner.js HTTP/1.1" 200 -
::1 - - [02/Sep/2026 03:47:09] "GET /js/games/cave.js HTTP/1.1" 200 -
::1 - - [02/Sep/2026 03:47:09] "GET /js/games/simon.js HTTP/1.1" 200 -
::1 - - [02/Sep/2026 03:47:09] "GET /js/games/snake.js HTTP/1.1" 200 -
::1 - - [02/Sep/2026 03:47:09] "GET /js/games/golf.js HTTP/1.1" 200 -
::1 - - [02/Sep/2026 03:47:09] "GET /js/games/breaker.js HTTP/1.1" 200 -
::1 - - [02/Sep/2026 03:47:09] "GET /js/core/settings.js HTTP/1.1" 200 -
::1 - - [02/Sep/2026 03:47:09] "GET /js/games/fish.js HTTP/1.1" 200 -
::1 - - [02/Sep/2026 03:47:09] "GET /js/core/input.js HTTP/1.1" 200 -
::1 - - [02/Sep/2026 03:47:09] "GET /js/core/audio.js HTTP/1.1" 200 -
::1 - - [02/Sep/2026 03:47:09] "GET /js/core/ui.js HTTP/1.1" 200 -
::1 - - [02/Sep/2026 03:47:09] "GET /js/core/game.js HTTP/1.1" 200 -
::1 - - [02/Sep/2026 03:47:09] "GET /js/demos.js HTTP/1.1" 200 -
::1 - - [02/Sep/2026 03:47:09] "GET /js/core/blob.js HTTP/1.1" 304 -
::1 - - [02/Sep/2026 03:47:09] "GET /js/core/fx.js HTTP/1.1" 304 -
::1 - - [02/Sep/2026 03:55:35] "GET / HTTP/1.1" 304 -
::1 - - [02/Sep/2026 03:55:35] "GET /js/main.js HTTP/1.1" 304 -
::1 - - [02/Sep/2026 03:55:35] "GET /js/core/engine.js HTTP/1.1" 304 -
::1 - - [02/Sep/2026 03:55:35] "GET /js/menu.js HTTP/1.1" 304 -
::1 - - [02/Sep/2026 03:55:35] "GET /js/games/survival.js HTTP/1.1" 304 -
::1 - - [02/Sep/2026 03:55:35] "GET /js/games/shooter.js HTTP/1.1" 304 -
::1 - - [02/Sep/2026 03:55:35] "GET /js/games/rhythm.js HTTP/1.1" 304 -
::1 - - [02/Sep/2026 03:55:35] "GET /js/games/runner.js HTTP/1.1" 304 -
::1 - - [02/Sep/2026 03:55:35] "GET /js/games/simon.js HTTP/1.1" 304 -
::1 - - [02/Sep/2026 03:55:35] "GET /js/games/cave.js HTTP/1.1" 304 -
::1 - - [02/Sep/2026 03:55:35] "GET /js/games/snake.js HTTP/1.1" 304 -
::1 - - [02/Sep/2026 03:55:35] "GET /js/games/breaker.js HTTP/1.1" 304 -
::1 - - [02/Sep/2026 03:55:35] "GET /js/games/golf.js HTTP/1.1" 304 -
::1 - - [02/Sep/2026 03:55:35] "GET /js/games/fish.js HTTP/1.1" 304 -
::1 - - [02/Sep/2026 03:55:35] "GET /js/core/input.js HTTP/1.1" 304 -
::1 - - [02/Sep/2026 03:55:35] "GET /js/core/settings.js HTTP/1.1" 304 -
::1 - - [02/Sep/2026 03:55:35] "GET /js/core/audio.js HTTP/1.1" 304 -
::1 - - [02/Sep/2026 03:55:35] "GET /js/core/ui.js HTTP/1.1" 304 -
::1 - - [02/Sep/2026 03:55:35] "GET /js/core/fx.js HTTP/1.1" 304 -
::1 - - [02/Sep/2026 03:55:35] "GET /js/demos.js HTTP/1.1" 304 -
::1 - - [02/Sep/2026 03:55:35] "GET /js/core/game.js HTTP/1.1" 304 -
::1 - - [02/Sep/2026 03:56:30] "GET / HTTP/1.1" 304 -
::1 - - [02/Sep/2026 03:57:01] "GET / HTTP/1.1" 304 -
::1 - - [02/Sep/2026 03:57:01] "GET /js/menu.js HTTP/1.1" 200 -
::1 - - [02/Sep/2026 03:57:01] "GET /js/games/survival.js HTTP/1.1" 304 -
::1 - - [02/Sep/2026 03:57:01] "GET /js/games/rhythm.js HTTP/1.1" 304 -
::1 - - [02/Sep/2026 03:57:01] "GET /js/games/shooter.js HTTP/1.1" 304 -
::1 - - [02/Sep/2026 03:57:01] "GET /js/games/runner.js HTTP/1.1" 304 -
::1 - - [02/Sep/2026 03:57:01] "GET /js/games/cave.js HTTP/1.1" 304 -
::1 - - [02/Sep/2026 03:57:01] "GET /js/games/simon.js HTTP/1.1" 304 -
::1 - - [02/Sep/2026 03:57:01] "GET /js/games/golf.js HTTP/1.1" 304 -
::1 - - [02/Sep/2026 03:57:01] "GET /js/games/fish.js HTTP/1.1" 304 -
::1 - - [02/Sep/2026 03:57:01] "GET /js/games/breaker.js HTTP/1.1" 304 -
::1 - - [02/Sep/2026 03:57:01] "GET /js/games/snake.js HTTP/1.1" 304 -
